// Jest Snapshot v1, https://goo.gl/fbAQLP

exports[`<ReactCodepen/> - integration tests Not loading script should render and match the snapshot 1`] = `
<div
  className="codepen"
  data-default-tab="css,result"
  data-embed-version={2}
  data-height={300}
  data-preview={true}
  data-slug-hash="someHash"
  data-theme-id="dark"
  data-user="someUser"
/>
`;
